<?php return array (
  0 => 'Symfony\\Bundle\\FrameworkBundle\\Controller\\AbstractController',
  1 => 'App\\Controller\\Admin\\DashboardController',
  2 => 'App\\Controller\\AttributeController',
  3 => 'App\\Controller\\AttributeValueController',
  4 => 'App\\Controller\\AvatarController',
  5 => 'App\\Controller\\CarrierController',
  6 => 'App\\Controller\\CarrierPriceController',
  7 => 'App\\Controller\\CategorieController',
  8 => 'App\\Controller\\ClientAuthController',
  9 => 'App\\Controller\\ClientController',
  10 => 'App\\Controller\\ErrorController',
  11 => 'App\\Controller\\ImageUploadController',
  12 => 'App\\Controller\\OrderController',
  13 => 'App\\Controller\\ProductController',
  14 => 'App\\Controller\\ProviderController',
  15 => 'App\\Controller\\RegistrationController',
  16 => 'App\\Controller\\SecurityController',
  17 => 'App\\Controller\\TaxRulesController',
  18 => 'App\\Controller\\UserController',
  19 => 'App\\Entity\\Attribute',
  20 => 'App\\Entity\\AttributeValue',
  21 => 'App\\Entity\\Avatar',
  22 => 'App\\Entity\\Carrier',
  23 => 'App\\Entity\\CarrierPrice',
  24 => 'App\\Entity\\Categorie',
  25 => 'App\\Entity\\Client',
  26 => 'App\\Entity\\Imagesproduct',
  27 => 'App\\Entity\\Order',
  28 => 'App\\Entity\\OrderProduct',
  29 => 'App\\Entity\\Product',
  30 => 'App\\Entity\\Provider',
  31 => 'App\\Entity\\TaxRules',
  32 => 'App\\Entity\\Traits\\Timestampable',
  33 => 'App\\Entity\\User',
  34 => 'Doctrine\\Bundle\\DoctrineBundle\\Controller\\ProfilerController',
  35 => 'Doctrine\\ORM\\Cache\\Persister\\Entity\\AbstractEntityPersister',
  36 => 'Doctrine\\ORM\\Cache\\Persister\\Entity\\CachedEntityPersister',
  37 => 'Doctrine\\ORM\\Cache\\Persister\\Entity\\NonStrictReadWriteCachedEntityPersister',
  38 => 'Doctrine\\ORM\\Cache\\Persister\\Entity\\ReadOnlyCachedEntityPersister',
  39 => 'Doctrine\\ORM\\Cache\\Persister\\Entity\\ReadWriteCachedEntityPersister',
  40 => 'Doctrine\\ORM\\Persisters\\Entity\\AbstractEntityInheritancePersister',
  41 => 'Doctrine\\ORM\\Persisters\\Entity\\BasicEntityPersister',
  42 => 'Doctrine\\ORM\\Persisters\\Entity\\CachedPersisterContext',
  43 => 'Doctrine\\ORM\\Persisters\\Entity\\EntityPersister',
  44 => 'Doctrine\\ORM\\Persisters\\Entity\\JoinedSubclassPersister',
  45 => 'Doctrine\\ORM\\Persisters\\Entity\\SingleTablePersister',
  46 => 'EasyCorp\\Bundle\\EasyAdminBundle\\Contracts\\Controller\\CrudControllerInterface',
  47 => 'EasyCorp\\Bundle\\EasyAdminBundle\\Contracts\\Controller\\DashboardControllerInterface',
  48 => 'EasyCorp\\Bundle\\EasyAdminBundle\\Controller\\AbstractCrudController',
  49 => 'EasyCorp\\Bundle\\EasyAdminBundle\\Controller\\AbstractDashboardController',
  51 => 'Symfony\\Bundle\\FrameworkBundle\\Controller\\ControllerResolver',
  52 => 'Symfony\\Bundle\\FrameworkBundle\\Controller\\RedirectController',
  53 => 'Symfony\\Bundle\\FrameworkBundle\\Controller\\TemplateController',
  54 => 'Symfony\\Bundle\\WebProfilerBundle\\Controller\\ExceptionPanelController',
  55 => 'Symfony\\Bundle\\WebProfilerBundle\\Controller\\ProfilerController',
  56 => 'Symfony\\Bundle\\WebProfilerBundle\\Controller\\RouterController',
  57 => 'Symfony\\Component\\HttpKernel\\Controller\\ArgumentResolver',
  58 => 'Symfony\\Component\\HttpKernel\\Controller\\ArgumentResolverInterface',
  59 => 'Symfony\\Component\\HttpKernel\\Controller\\ArgumentResolver\\DefaultValueResolver',
  60 => 'Symfony\\Component\\HttpKernel\\Controller\\ArgumentResolver\\NotTaggedControllerValueResolver',
  61 => 'Symfony\\Component\\HttpKernel\\Controller\\ArgumentResolver\\RequestAttributeValueResolver',
  62 => 'Symfony\\Component\\HttpKernel\\Controller\\ArgumentResolver\\RequestValueResolver',
  63 => 'Symfony\\Component\\HttpKernel\\Controller\\ArgumentResolver\\ServiceValueResolver',
  64 => 'Symfony\\Component\\HttpKernel\\Controller\\ArgumentResolver\\SessionValueResolver',
  65 => 'Symfony\\Component\\HttpKernel\\Controller\\ArgumentResolver\\TraceableValueResolver',
  66 => 'Symfony\\Component\\HttpKernel\\Controller\\ArgumentResolver\\VariadicValueResolver',
  67 => 'Symfony\\Component\\HttpKernel\\Controller\\ArgumentValueResolverInterface',
  68 => 'Symfony\\Component\\HttpKernel\\Controller\\ContainerControllerResolver',
  69 => 'Symfony\\Component\\HttpKernel\\Controller\\ControllerReference',
  70 => 'Symfony\\Component\\HttpKernel\\Controller\\ControllerResolver',
  71 => 'Symfony\\Component\\HttpKernel\\Controller\\ControllerResolverInterface',
  72 => 'Symfony\\Component\\HttpKernel\\Controller\\ErrorController',
  73 => 'Symfony\\Component\\HttpKernel\\Controller\\TraceableArgumentResolver',
  74 => 'Symfony\\Component\\HttpKernel\\Controller\\TraceableControllerResolver',
  75 => 'Symfony\\Component\\Security\\Http\\Controller\\UserValueResolver',
);